// Jest Snapshot v1, https://goo.gl/fbAQLP

exports[`<RoomFacePile /> renders 1`] = `
<DocumentFragment>
  <div
    aria-describedby="_r_1_"
    aria-labelledby="_r_0_"
    class="mx_AccessibleButton mx_FacePile"
    role="button"
    tabindex="0"
  >
    <div
      class="_stacked-avatars_1qbcf_102"
    >
      <span
        class="_avatar_1qbcf_8 mx_BaseAvatar _avatar-imageless_1qbcf_52"
        data-color="4"
        data-testid="avatar-img"
        data-type="round"
        role="presentation"
        style="--cpd-avatar-size: 28px;"
      >
        b
      </span>
    </div>
  </div>
</DocumentFragment>
`;
